Component: ARM Compiler 5.06 update 5 (build 528) Tool: armlink [4d35e2]

==============================================================================

Section Cross References

    main.o(main) refers to lcd.o(i.LCD_Initialization) for LCD_Initialization
    main.o(main) refers to lcd.o(i.LCD_PIN_Init) for LCD_PIN_Init
    main.o(main) refers to inputcapture.o(i.TIM4_Init) for TIM4_Init
    main.o(main) refers to inputcapture.o(i.itoa) for itoa
    main.o(main) refers to lcd.o(i.LCD_DisplayString) for LCD_DisplayString
    main.o(main) refers to main.o(myData) for timespan
    startup_stm32l476xx.o(STACK) refers (Special) to heapauxi.o(.text) for __use_two_region_memory
    startup_stm32l476xx.o(HEAP) refers (Special) to heapauxi.o(.text) for __use_two_region_memory
    startup_stm32l476xx.o(RESET) refers (Special) to heapauxi.o(.text) for __use_two_region_memory
    startup_stm32l476xx.o(RESET) refers to startup_stm32l476xx.o(STACK) for __initial_sp
    startup_stm32l476xx.o(RESET) refers to startup_stm32l476xx.o(.text) for Reset_Handler
    startup_stm32l476xx.o(RESET) refers to main.o(main) for TIM4_IRQHandler
    startup_stm32l476xx.o(.text) refers (Special) to heapauxi.o(.text) for __use_two_region_memory
    startup_stm32l476xx.o(.text) refers to main.o(main) for __main
    startup_stm32l476xx.o(.text) refers to startup_stm32l476xx.o(HEAP) for Heap_Mem
    startup_stm32l476xx.o(.text) refers to startup_stm32l476xx.o(STACK) for Stack_Mem
    lcd.o(i.LCD_Conv_Char_Seg) refers to lcd.o(.constdata) for NumberMap
    lcd.o(i.LCD_DisplayString) refers to lcd.o(i.LCD_Clear) for LCD_Clear
    lcd.o(i.LCD_DisplayString) refers to lcd.o(i.LCD_WriteChar) for LCD_WriteChar
    lcd.o(i.LCD_Display_Name) refers to lcd.o(i.LCD_Clear) for LCD_Clear
    lcd.o(i.LCD_Initialization) refers to lcd.o(i.LCD_PIN_Init) for LCD_PIN_Init
    lcd.o(i.LCD_Initialization) refers to lcd.o(i.LCD_Clock_Init) for LCD_Clock_Init
    lcd.o(i.LCD_Initialization) refers to lcd.o(i.LCD_Configure) for LCD_Configure
    lcd.o(i.LCD_Initialization) refers to lcd.o(i.LCD_Clear) for LCD_Clear
    lcd.o(i.LCD_WriteChar) refers to lcd.o(i.LCD_Conv_Char_Seg) for LCD_Conv_Char_Seg
    lcd.o(i.LCD_bar) refers to lcd.o(.data) for t_bar
    lcd.o(i.Scrolling_text) refers to lcd.o(i.LCD_Clear) for LCD_Clear
    lcd.o(i.Scrolling_text) refers to lcd.o(i.LCD_WriteChar) for LCD_WriteChar
    pwm.o(i.main) refers to pwm.o(i.TIM1_Init) for TIM1_Init
    inputcapture.o(i.TIM4_Init) refers to lcd.o(i.LCD_DisplayString) for LCD_DisplayString
    inputcapture.o(i.itoa) refers to _printf_percent.o(.ARM.Collect$$_printf_percent$$00000000) for _printf_percent
    inputcapture.o(i.itoa) refers to _printf_d.o(.ARM.Collect$$_printf_percent$$00000009) for _printf_d
    inputcapture.o(i.itoa) refers to _printf_dec.o(.text) for _printf_int_dec
    inputcapture.o(i.itoa) refers to noretval__2sprintf.o(.text) for __2sprintf
    inputcapture.o(i.itoa) refers to inputcapture.o(.data) for str
    __2sprintf.o(.text) refers to _printf_char_common.o(.text) for _printf_char_common
    __2sprintf.o(.text) refers to _sputc.o(.text) for _sputc
    noretval__2sprintf.o(.text) refers to _printf_char_common.o(.text) for _printf_char_common
    noretval__2sprintf.o(.text) refers to _sputc.o(.text) for _sputc
    __printf.o(.text) refers to _printf_percent.o(.ARM.Collect$$_printf_percent$$00000000) for _printf_percent
    _printf_dec.o(.text) refers to _printf_intcommon.o(.text) for _printf_int_common
    __printf_flags.o(.text) refers to _printf_percent.o(.ARM.Collect$$_printf_percent$$00000000) for _printf_percent
    __printf_flags.o(.text) refers to __printf_flags.o(.constdata) for .constdata
    __printf_ss.o(.text) refers to _printf_percent.o(.ARM.Collect$$_printf_percent$$00000000) for _printf_percent
    __printf_flags_ss.o(.text) refers to _printf_percent.o(.ARM.Collect$$_printf_percent$$00000000) for _printf_percent
    __printf_flags_ss.o(.text) refers to __printf_flags_ss.o(.constdata) for .constdata
    __printf_wp.o(.text) refers to __printf_wp.o(i._is_digit) for _is_digit
    __printf_wp.o(.text) refers to _printf_percent.o(.ARM.Collect$$_printf_percent$$00000000) for _printf_percent
    __printf_flags_wp.o(.text) refers to __printf_wp.o(i._is_digit) for _is_digit
    __printf_flags_wp.o(.text) refers to _printf_percent.o(.ARM.Collect$$_printf_percent$$00000000) for _printf_percent
    __printf_flags_wp.o(.text) refers to __printf_flags_wp.o(.constdata) for .constdata
    __printf_ss_wp.o(.text) refers to __printf_wp.o(i._is_digit) for _is_digit
    __printf_ss_wp.o(.text) refers to _printf_percent.o(.ARM.Collect$$_printf_percent$$00000000) for _printf_percent
    __printf_flags_ss_wp.o(.text) refers to __printf_wp.o(i._is_digit) for _is_digit
    __printf_flags_ss_wp.o(.text) refers to _printf_percent.o(.ARM.Collect$$_printf_percent$$00000000) for _printf_percent
    __printf_flags_ss_wp.o(.text) refers to __printf_flags_ss_wp.o(.constdata) for .constdata
    _printf_d.o(.ARM.Collect$$_printf_percent$$00000009) refers (Weak) to _printf_dec.o(.text) for _printf_int_dec
    _printf_percent.o(.ARM.Collect$$_printf_percent$$00000000) refers (Special) to _printf_percent_end.o(.ARM.Collect$$_printf_percent$$00000017) for _printf_percent_end
    _printf_char_common.o(.text) refers to __printf.o(.text) for __printf


==============================================================================

Removing Unused input sections from the image.

    Removing main.o(__DEFINES_STM32F4_CORE4_xx_DUMMY), (0 bytes).
    Removing main.o(__DEFINES_STM32L4_xx_DUMMY), (0 bytes).
    Removing stm32l476xx_constants.o(__DEFINES_STM32L4_xx_DUMMY), (0 bytes).
    Removing lcd.o(.rev16_text), (4 bytes).
    Removing lcd.o(.revsh_text), (4 bytes).
    Removing lcd.o(.rrx_text), (6 bytes).
    Removing lcd.o(i.LCD_Display_Name), (164 bytes).
    Removing lcd.o(i.LCD_bar), (192 bytes).
    Removing lcd.o(i.Scrolling_text), (120 bytes).
    Removing lcd.o(.data), (2 bytes).
    Removing pwm.o(.rev16_text), (4 bytes).
    Removing pwm.o(.revsh_text), (4 bytes).
    Removing pwm.o(.rrx_text), (6 bytes).
    Removing pwm.o(i.TIM1_Init), (152 bytes).
    Removing pwm.o(i.main), (96 bytes).
    Removing pwm.o(.data), (4 bytes).
    Removing inputcapture.o(.rev16_text), (4 bytes).
    Removing inputcapture.o(.revsh_text), (4 bytes).
    Removing inputcapture.o(.rrx_text), (6 bytes).

19 unused section(s) (total 772 bytes) removed from the image.

==============================================================================

Image Symbol Table

    Local Symbols

    Symbol Name                              Value     Ov Type        Size  Object(Section)

    ../clib/heapaux.c                        0x00000000   Number         0  heapauxi.o ABSOLUTE
    ../clib/printf.c                         0x00000000   Number         0  __printf_nopercent.o ABSOLUTE
    ../clib/printf.c                         0x00000000   Number         0  _sputc.o ABSOLUTE
    ../clib/printf.c                         0x00000000   Number         0  _printf_char_common.o ABSOLUTE
    ../clib/printf.c                         0x00000000   Number         0  _printf_intcommon.o ABSOLUTE
    ../clib/printf.c                         0x00000000   Number         0  __printf_flags_ss_wp.o ABSOLUTE
    ../clib/printf.c                         0x00000000   Number         0  __printf_ss_wp.o ABSOLUTE
    ../clib/printf.c                         0x00000000   Number         0  __printf_flags_wp.o ABSOLUTE
    ../clib/printf.c                         0x00000000   Number         0  __printf_wp.o ABSOLUTE
    ../clib/printf.c                         0x00000000   Number         0  __printf_flags_ss.o ABSOLUTE
    ../clib/printf.c                         0x00000000   Number         0  __printf_ss.o ABSOLUTE
    ../clib/printf.c                         0x00000000   Number         0  __printf_flags.o ABSOLUTE
    ../clib/printf.c                         0x00000000   Number         0  _printf_dec.o ABSOLUTE
    ../clib/printf.c                         0x00000000   Number         0  __printf.o ABSOLUTE
    ../clib/printf.c                         0x00000000   Number         0  noretval__2sprintf.o ABSOLUTE
    ../clib/printf.c                         0x00000000   Number         0  __2sprintf.o ABSOLUTE
    ../clib/printf_percent.s                 0x00000000   Number         0  _printf_percent_end.o ABSOLUTE
    ../clib/printf_percent.s                 0x00000000   Number         0  _printf_percent.o ABSOLUTE
    ../clib/printf_percent.s                 0x00000000   Number         0  _printf_d.o ABSOLUTE
    InputCapture.c                           0x00000000   Number         0  inputcapture.o ABSOLUTE
    InputCapture.c                           0x00000000   Number         0  inputcapture.o ABSOLUTE
    LCD.c                                    0x00000000   Number         0  lcd.o ABSOLUTE
    LCD.c                                    0x00000000   Number         0  lcd.o ABSOLUTE
    PWM.c                                    0x00000000   Number         0  pwm.o ABSOLUTE
    PWM.c                                    0x00000000   Number         0  pwm.o ABSOLUTE
    dc.s                                     0x00000000   Number         0  dc.o ABSOLUTE
    main.s                                   0x00000000   Number         0  main.o ABSOLUTE
    startup_stm32l476xx.s                    0x00000000   Number         0  startup_stm32l476xx.o ABSOLUTE
    stm32l476xx_constants.s                  0x00000000   Number         0  stm32l476xx_constants.o ABSOLUTE
    RESET                                    0x08000000   Section      392  startup_stm32l476xx.o(RESET)
    .ARM.Collect$$_printf_percent$$00000000  0x08000188   Section        0  _printf_percent.o(.ARM.Collect$$_printf_percent$$00000000)
    .ARM.Collect$$_printf_percent$$00000009  0x08000188   Section        6  _printf_d.o(.ARM.Collect$$_printf_percent$$00000009)
    .ARM.Collect$$_printf_percent$$00000017  0x0800018e   Section        4  _printf_percent_end.o(.ARM.Collect$$_printf_percent$$00000017)
    .text                                    0x08000194   Section      132  startup_stm32l476xx.o(.text)
    $v0                                      0x08000194   Number         0  startup_stm32l476xx.o(.text)
    .text                                    0x08000218   Section        0  noretval__2sprintf.o(.text)
    .text                                    0x08000240   Section        0  __printf.o(.text)
    .text                                    0x080002a8   Section        0  _printf_dec.o(.text)
    .text                                    0x08000320   Section        0  heapauxi.o(.text)
    .text                                    0x08000326   Section        0  _printf_intcommon.o(.text)
    .text                                    0x080003d8   Section        0  _printf_char_common.o(.text)
    _printf_input_char                       0x080003d9   Thumb Code    10  _printf_char_common.o(.text)
    .text                                    0x08000408   Section        0  _sputc.o(.text)
    i.LCD_Clear                              0x08000414   Section        0  lcd.o(i.LCD_Clear)
    i.LCD_Clock_Init                         0x0800044c   Section        0  lcd.o(i.LCD_Clock_Init)
    i.LCD_Configure                          0x08000514   Section        0  lcd.o(i.LCD_Configure)
    i.LCD_Conv_Char_Seg                      0x080005ac   Section        0  lcd.o(i.LCD_Conv_Char_Seg)
    LCD_Conv_Char_Seg                        0x080005ad   Thumb Code   298  lcd.o(i.LCD_Conv_Char_Seg)
    i.LCD_DisplayString                      0x080006e0   Section        0  lcd.o(i.LCD_DisplayString)
    i.LCD_Initialization                     0x08000700   Section        0  lcd.o(i.LCD_Initialization)
    i.LCD_PIN_Init                           0x08000714   Section        0  lcd.o(i.LCD_PIN_Init)
    i.LCD_WriteChar                          0x08000894   Section        0  lcd.o(i.LCD_WriteChar)
    i.TIM4_Init                              0x08001038   Section        0  inputcapture.o(i.TIM4_Init)
    i.itoa                                   0x080011a8   Section        0  inputcapture.o(i.itoa)
    main                                     0x080011c4   Section      188  main.o(main)
    $v0                                      0x080011c4   Number         0  main.o(main)
    .constdata                               0x08001280   Section       72  lcd.o(.constdata)
    .data                                    0x20000000   Section        6  inputcapture.o(.data)
    myData                                   0x20000008   Section       34  main.o(myData)
    timespan                                 0x20000018   Data           4  main.o(myData)
    lastCounter                              0x2000001c   Data           4  main.o(myData)
    overflow                                 0x20000020   Data           4  main.o(myData)
    HEAP                                     0x20000030   Section      512  startup_stm32l476xx.o(HEAP)
    Heap_Mem                                 0x20000030   Data         512  startup_stm32l476xx.o(HEAP)
    STACK                                    0x20000230   Section     1024  startup_stm32l476xx.o(STACK)
    Stack_Mem                                0x20000230   Data        1024  startup_stm32l476xx.o(STACK)
    __initial_sp                             0x20000630   Data           0  startup_stm32l476xx.o(STACK)

    Global Symbols

    Symbol Name                              Value     Ov Type        Size  Object(Section)

    BuildAttributes$$THM_ISAv4$E$P$D$K$B$S$7EM$VFPi3$EXTD16$VFPS$VFMA$PE$A:L22UL41UL21$X:L11$S22US41US21$IEEE1$IW$USESV6$~STKCKD$USESV7$~SHL$OSPACE$ROPI$EBA8$STANDARDLIB$REQ8$PRES8$EABIv2 0x00000000   Number         0  anon$$obj.o ABSOLUTE
    Image$$ER_IROM1$$RW$$Length              0x00000000   Number         0  anon$$obj.o ABSOLUTE
    Image$$ER_IROM1$$ZI$$Length              0x00000000   Number         0  anon$$obj.o ABSOLUTE
    Image$$RW_IRAM1$$RO$$Length              0x00000000   Number         0  anon$$obj.o ABSOLUTE
    __ARM_use_no_argv                        0x00000000   Number         0  pwm.o ABSOLUTE
    _printf_post_padding                      - Undefined Weak Reference
    _printf_pre_padding                       - Undefined Weak Reference
    _printf_truncate_signed                   - Undefined Weak Reference
    _printf_truncate_unsigned                 - Undefined Weak Reference
    Image$$RW_IRAM1$$Length                  0x0000002c   Number         0  anon$$obj.o ABSOLUTE
    Image$$RW_IRAM1$$RW$$Length              0x0000002c   Number         0  anon$$obj.o ABSOLUTE
    __Vectors_Size                           0x00000188   Number         0  startup_stm32l476xx.o ABSOLUTE
    Image$$RW_IRAM1$$ZI$$Length              0x00000604   Number         0  anon$$obj.o ABSOLUTE
    Image$$ER_IROM1$$RO$$Length              0x000012c8   Number         0  anon$$obj.o ABSOLUTE
    Image$$ER_IROM1$$RO$$Base                0x08000000   Number         0  anon$$obj.o ABSOLUTE
    Load$$ER_IROM1$$Base                     0x08000000   Number         0  anon$$obj.o ABSOLUTE
    __Vectors                                0x08000000   Data           4  startup_stm32l476xx.o(RESET)
    __Vectors_End                            0x08000188   Data           0  startup_stm32l476xx.o(RESET)
    _printf_d                                0x08000189   Thumb Code     0  _printf_d.o(.ARM.Collect$$_printf_percent$$00000009)
    _printf_percent                          0x08000189   Thumb Code     0  _printf_percent.o(.ARM.Collect$$_printf_percent$$00000000)
    _printf_percent_end                      0x0800018f   Thumb Code     0  _printf_percent_end.o(.ARM.Collect$$_printf_percent$$00000017)
    Reset_Handler                            0x08000195   Thumb Code    60  startup_stm32l476xx.o(.text)
    NMI_Handler                              0x080001d1   Thumb Code     2  startup_stm32l476xx.o(.text)
    HardFault_Handler                        0x080001d3   Thumb Code     2  startup_stm32l476xx.o(.text)
    MemManage_Handler                        0x080001d5   Thumb Code     2  startup_stm32l476xx.o(.text)
    BusFault_Handler                         0x080001d7   Thumb Code     2  startup_stm32l476xx.o(.text)
    UsageFault_Handler                       0x080001d9   Thumb Code     2  startup_stm32l476xx.o(.text)
    SVC_Handler                              0x080001db   Thumb Code     2  startup_stm32l476xx.o(.text)
    DebugMon_Handler                         0x080001dd   Thumb Code     2  startup_stm32l476xx.o(.text)
    PendSV_Handler                           0x080001df   Thumb Code     2  startup_stm32l476xx.o(.text)
    SysTick_Handler                          0x080001e1   Thumb Code     2  startup_stm32l476xx.o(.text)
    ADC1_2_IRQHandler                        0x080001e3   Thumb Code     0  startup_stm32l476xx.o(.text)
    ADC3_IRQHandler                          0x080001e3   Thumb Code     0  startup_stm32l476xx.o(.text)
    CAN1_RX0_IRQHandler                      0x080001e3   Thumb Code     0  startup_stm32l476xx.o(.text)
    CAN1_RX1_IRQHandler                      0x080001e3   Thumb Code     0  startup_stm32l476xx.o(.text)
    CAN1_SCE_IRQHandler                      0x080001e3   Thumb Code     0  startup_stm32l476xx.o(.text)
    CAN1_TX_IRQHandler                       0x080001e3   Thumb Code     0  startup_stm32l476xx.o(.text)
    COMP_IRQHandler                          0x080001e3   Thumb Code     0  startup_stm32l476xx.o(.text)
    DFSDM0_IRQHandler                        0x080001e3   Thumb Code     0  startup_stm32l476xx.o(.text)
    DFSDM1_IRQHandler                        0x080001e3   Thumb Code     0  startup_stm32l476xx.o(.text)
    DFSDM2_IRQHandler                        0x080001e3   Thumb Code     0  startup_stm32l476xx.o(.text)
    DFSDM3_IRQHandler                        0x080001e3   Thumb Code     0  startup_stm32l476xx.o(.text)
    DMA1_Channel1_IRQHandler                 0x080001e3   Thumb Code     0  startup_stm32l476xx.o(.text)
    DMA1_Channel2_IRQHandler                 0x080001e3   Thumb Code     0  startup_stm32l476xx.o(.text)
    DMA1_Channel3_IRQHandler                 0x080001e3   Thumb Code     0  startup_stm32l476xx.o(.text)
    DMA1_Channel4_IRQHandler                 0x080001e3   Thumb Code     0  startup_stm32l476xx.o(.text)
    DMA1_Channel5_IRQHandler                 0x080001e3   Thumb Code     0  startup_stm32l476xx.o(.text)
    DMA1_Channel6_IRQHandler                 0x080001e3   Thumb Code     0  startup_stm32l476xx.o(.text)
    DMA1_Channel7_IRQHandler                 0x080001e3   Thumb Code     0  startup_stm32l476xx.o(.text)
    DMA2_Channel1_IRQHandler                 0x080001e3   Thumb Code     0  startup_stm32l476xx.o(.text)
    DMA2_Channel2_IRQHandler                 0x080001e3   Thumb Code     0  startup_stm32l476xx.o(.text)
    DMA2_Channel3_IRQHandler                 0x080001e3   Thumb Code     0  startup_stm32l476xx.o(.text)
    DMA2_Channel4_IRQHandler                 0x080001e3   Thumb Code     0  startup_stm32l476xx.o(.text)
    DMA2_Channel5_IRQHandler                 0x080001e3   Thumb Code     0  startup_stm32l476xx.o(.text)
    DMA2_Channel6_IRQHandler                 0x080001e3   Thumb Code     0  startup_stm32l476xx.o(.text)
    DMA2_Channel7_IRQHandler                 0x080001e3   Thumb Code     0  startup_stm32l476xx.o(.text)
    EXTI0_IRQHandler                         0x080001e3   Thumb Code     0  startup_stm32l476xx.o(.text)
    EXTI15_10_IRQHandler                     0x080001e3   Thumb Code     0  startup_stm32l476xx.o(.text)
    EXTI1_IRQHandler                         0x080001e3   Thumb Code     0  startup_stm32l476xx.o(.text)
    EXTI2_IRQHandler                         0x080001e3   Thumb Code     0  startup_stm32l476xx.o(.text)
    EXTI3_IRQHandler                         0x080001e3   Thumb Code     0  startup_stm32l476xx.o(.text)
    EXTI4_IRQHandler                         0x080001e3   Thumb Code     0  startup_stm32l476xx.o(.text)
    EXTI9_5_IRQHandler                       0x080001e3   Thumb Code     0  startup_stm32l476xx.o(.text)
    FLASH_IRQHandler                         0x080001e3   Thumb Code     0  startup_stm32l476xx.o(.text)
    FMC_IRQHandler                           0x080001e3   Thumb Code     0  startup_stm32l476xx.o(.text)
    FPU_IRQHandler                           0x080001e3   Thumb Code     0  startup_stm32l476xx.o(.text)
    I2C1_ER_IRQHandler                       0x080001e3   Thumb Code     0  startup_stm32l476xx.o(.text)
    I2C1_EV_IRQHandler                       0x080001e3   Thumb Code     0  startup_stm32l476xx.o(.text)
    I2C2_ER_IRQHandler                       0x080001e3   Thumb Code     0  startup_stm32l476xx.o(.text)
    I2C2_EV_IRQHandler                       0x080001e3   Thumb Code     0  startup_stm32l476xx.o(.text)
    I2C3_ER_IRQHandler                       0x080001e3   Thumb Code     0  startup_stm32l476xx.o(.text)
    I2C3_EV_IRQHandler                       0x080001e3   Thumb Code     0  startup_stm32l476xx.o(.text)
    LCD_IRQHandler                           0x080001e3   Thumb Code     0  startup_stm32l476xx.o(.text)
    LPTIM1_IRQHandler                        0x080001e3   Thumb Code     0  startup_stm32l476xx.o(.text)
    LPTIM2_IRQHandler                        0x080001e3   Thumb Code     0  startup_stm32l476xx.o(.text)
    LPUART1_IRQHandler                       0x080001e3   Thumb Code     0  startup_stm32l476xx.o(.text)
    OTG_FS_IRQHandler                        0x080001e3   Thumb Code     0  startup_stm32l476xx.o(.text)
    PVD_PVM_IRQHandler                       0x080001e3   Thumb Code     0  startup_stm32l476xx.o(.text)
    QUADSPI_IRQHandler                       0x080001e3   Thumb Code     0  startup_stm32l476xx.o(.text)
    RCC_IRQHandler                           0x080001e3   Thumb Code     0  startup_stm32l476xx.o(.text)
    RNG_IRQHandler                           0x080001e3   Thumb Code     0  startup_stm32l476xx.o(.text)
    RTC_Alarm_IRQHandler                     0x080001e3   Thumb Code     0  startup_stm32l476xx.o(.text)
    RTC_WKUP_IRQHandler                      0x080001e3   Thumb Code     0  startup_stm32l476xx.o(.text)
    SAI1_IRQHandler                          0x080001e3   Thumb Code     0  startup_stm32l476xx.o(.text)
    SAI2_IRQHandler                          0x080001e3   Thumb Code     0  startup_stm32l476xx.o(.text)
    SDMMC1_IRQHandler                        0x080001e3   Thumb Code     0  startup_stm32l476xx.o(.text)
    SPI1_IRQHandler                          0x080001e3   Thumb Code     0  startup_stm32l476xx.o(.text)
    SPI2_IRQHandler                          0x080001e3   Thumb Code     0  startup_stm32l476xx.o(.text)
    SPI3_IRQHandler                          0x080001e3   Thumb Code     0  startup_stm32l476xx.o(.text)
    SWPMI1_IRQHandler                        0x080001e3   Thumb Code     0  startup_stm32l476xx.o(.text)
    TAMP_STAMP_IRQHandler                    0x080001e3   Thumb Code     0  startup_stm32l476xx.o(.text)
    TIM1_BRK_TIM15_IRQHandler                0x080001e3   Thumb Code     0  startup_stm32l476xx.o(.text)
    TIM1_CC_IRQHandler                       0x080001e3   Thumb Code     0  startup_stm32l476xx.o(.text)
    TIM1_TRG_COM_TIM17_IRQHandler            0x080001e3   Thumb Code     0  startup_stm32l476xx.o(.text)
    TIM1_UP_TIM16_IRQHandler                 0x080001e3   Thumb Code     0  startup_stm32l476xx.o(.text)
    TIM2_IRQHandler                          0x080001e3   Thumb Code     0  startup_stm32l476xx.o(.text)
    TIM3_IRQHandler                          0x080001e3   Thumb Code     0  startup_stm32l476xx.o(.text)
    TIM5_IRQHandler                          0x080001e3   Thumb Code     0  startup_stm32l476xx.o(.text)
    TIM6_DAC_IRQHandler                      0x080001e3   Thumb Code     0  startup_stm32l476xx.o(.text)
    TIM7_IRQHandler                          0x080001e3   Thumb Code     0  startup_stm32l476xx.o(.text)
    TIM8_BRK_IRQHandler                      0x080001e3   Thumb Code     0  startup_stm32l476xx.o(.text)
    TIM8_CC_IRQHandler                       0x080001e3   Thumb Code     0  startup_stm32l476xx.o(.text)
    TIM8_TRG_COM_IRQHandler                  0x080001e3   Thumb Code     0  startup_stm32l476xx.o(.text)
    TIM8_UP_IRQHandler                       0x080001e3   Thumb Code     0  startup_stm32l476xx.o(.text)
    TSC_IRQHandler                           0x080001e3   Thumb Code     0  startup_stm32l476xx.o(.text)
    UART4_IRQHandler                         0x080001e3   Thumb Code     0  startup_stm32l476xx.o(.text)
    UART5_IRQHandler                         0x080001e3   Thumb Code     0  startup_stm32l476xx.o(.text)
    USART1_IRQHandler                        0x080001e3   Thumb Code     0  startup_stm32l476xx.o(.text)
    USART2_IRQHandler                        0x080001e3   Thumb Code     0  startup_stm32l476xx.o(.text)
    USART3_IRQHandler                        0x080001e3   Thumb Code     0  startup_stm32l476xx.o(.text)
    WWDG_IRQHandler                          0x080001e3   Thumb Code     0  startup_stm32l476xx.o(.text)
    __user_initial_stackheap                 0x080001e5   Thumb Code     0  startup_stm32l476xx.o(.text)
    __2sprintf                               0x08000219   Thumb Code    34  noretval__2sprintf.o(.text)
    __printf                                 0x08000241   Thumb Code   104  __printf.o(.text)
    _printf_int_dec                          0x080002a9   Thumb Code   104  _printf_dec.o(.text)
    __use_two_region_memory                  0x08000321   Thumb Code     2  heapauxi.o(.text)
    __rt_heap_escrow$2region                 0x08000323   Thumb Code     2  heapauxi.o(.text)
    __rt_heap_expand$2region                 0x08000325   Thumb Code     2  heapauxi.o(.text)
    _printf_int_common                       0x08000327   Thumb Code   178  _printf_intcommon.o(.text)
    _printf_char_common                      0x080003e3   Thumb Code    32  _printf_char_common.o(.text)
    _sputc                                   0x08000409   Thumb Code    10  _sputc.o(.text)
    LCD_Clear                                0x08000415   Thumb Code    52  lcd.o(i.LCD_Clear)
    LCD_Clock_Init                           0x0800044d   Thumb Code   190  lcd.o(i.LCD_Clock_Init)
    LCD_Configure                            0x08000515   Thumb Code   148  lcd.o(i.LCD_Configure)
    LCD_DisplayString                        0x080006e1   Thumb Code    32  lcd.o(i.LCD_DisplayString)
    LCD_Initialization                       0x08000701   Thumb Code    20  lcd.o(i.LCD_Initialization)
    LCD_PIN_Init                             0x08000715   Thumb Code   316  lcd.o(i.LCD_PIN_Init)
    LCD_WriteChar                            0x08000895   Thumb Code  1946  lcd.o(i.LCD_WriteChar)
    TIM4_Init                                0x08001039   Thumb Code   340  inputcapture.o(i.TIM4_Init)
    itoa                                     0x080011a9   Thumb Code    18  inputcapture.o(i.itoa)
    __main                                   0x080011c5   Thumb Code    38  main.o(main)
    HSI_init                                 0x080011eb   Thumb Code    34  main.o(main)
    TIM4_IRQHandler                          0x0800120d   Thumb Code    82  main.o(main)
    CapLetterMap                             0x08001280   Data          52  lcd.o(.constdata)
    NumberMap                                0x080012b4   Data          20  lcd.o(.constdata)
    Image$$ER_IROM1$$RO$$Limit               0x080012c8   Number         0  anon$$obj.o ABSOLUTE
    Image$$ER_IROM1$$RW$$Base                0x080012c8   Number         0  anon$$obj.o ABSOLUTE
    Image$$ER_IROM1$$RW$$Limit               0x080012c8   Number         0  anon$$obj.o ABSOLUTE
    Image$$ER_IROM1$$ZI$$Base                0x080012c8   Number         0  anon$$obj.o ABSOLUTE
    Image$$ER_IROM1$$ZI$$Limit               0x080012c8   Number         0  anon$$obj.o ABSOLUTE
    Load$$RW_IRAM1$$Base                     0x080012c8   Number         0  anon$$obj.o ABSOLUTE
    Image$$RW_IRAM1$$Base                    0x20000000   Number         0  anon$$obj.o ABSOLUTE
    Image$$RW_IRAM1$$RO$$Base                0x20000000   Number         0  anon$$obj.o ABSOLUTE
    Image$$RW_IRAM1$$RW$$Base                0x20000000   Number         0  anon$$obj.o ABSOLUTE
    str                                      0x20000000   Data           6  inputcapture.o(.data)
    Image$$RW_IRAM1$$Limit                   0x2000002c   Number         0  anon$$obj.o ABSOLUTE
    Image$$RW_IRAM1$$RW$$Limit               0x2000002c   Number         0  anon$$obj.o ABSOLUTE
    Image$$RW_IRAM1$$ZI$$Base                0x2000002c   Number         0  anon$$obj.o ABSOLUTE
    Image$$RW_IRAM1$$ZI$$Limit               0x20000630   Number         0  anon$$obj.o ABSOLUTE



==============================================================================

Memory Map of the image

  Image Entry point : 0x080011c5

  Load Region LR_IROM1 (Base: 0x08000000, Size: 0x000012f4, Max: 0x00100000, ABSOLUTE)

    Execution Region ER_IROM1 (Exec base: 0x08000000, Load base: 0x08000000, Size: 0x000012c8, Max: 0x00100000, ABSOLUTE)

    Exec Addr    Load Addr    Size         Type   Attr      Idx    E Section Name        Object

    0x08000000   0x08000000   0x00000188   Data   RO           12    RESET               startup_stm32l476xx.o
    0x08000188   0x08000188   0x00000000   Code   RO          242    .ARM.Collect$$_printf_percent$$00000000  c_w.l(_printf_percent.o)
    0x08000188   0x08000188   0x00000006   Code   RO          241    .ARM.Collect$$_printf_percent$$00000009  c_w.l(_printf_d.o)
    0x0800018e   0x0800018e   0x00000004   Code   RO          251    .ARM.Collect$$_printf_percent$$00000017  c_w.l(_printf_percent_end.o)
    0x08000192   0x08000192   0x00000002   PAD
    0x08000194   0x08000194   0x00000084   Code   RO           13    .text               startup_stm32l476xx.o
    0x08000218   0x08000218   0x00000028   Code   RO          215    .text               c_w.l(noretval__2sprintf.o)
    0x08000240   0x08000240   0x00000068   Code   RO          217    .text               c_w.l(__printf.o)
    0x080002a8   0x080002a8   0x00000078   Code   RO          219    .text               c_w.l(_printf_dec.o)
    0x08000320   0x08000320   0x00000006   Code   RO          243    .text               c_w.l(heapauxi.o)
    0x08000326   0x08000326   0x000000b2   Code   RO          245    .text               c_w.l(_printf_intcommon.o)
    0x080003d8   0x080003d8   0x00000030   Code   RO          247    .text               c_w.l(_printf_char_common.o)
    0x08000408   0x08000408   0x0000000a   Code   RO          249    .text               c_w.l(_sputc.o)
    0x08000412   0x08000412   0x00000002   PAD
    0x08000414   0x08000414   0x00000038   Code   RO           21    i.LCD_Clear         lcd.o
    0x0800044c   0x0800044c   0x000000c8   Code   RO           22    i.LCD_Clock_Init    lcd.o
    0x08000514   0x08000514   0x00000098   Code   RO           23    i.LCD_Configure     lcd.o
    0x080005ac   0x080005ac   0x00000134   Code   RO           24    i.LCD_Conv_Char_Seg  lcd.o
    0x080006e0   0x080006e0   0x00000020   Code   RO           25    i.LCD_DisplayString  lcd.o
    0x08000700   0x08000700   0x00000014   Code   RO           27    i.LCD_Initialization  lcd.o
    0x08000714   0x08000714   0x00000180   Code   RO           28    i.LCD_PIN_Init      lcd.o
    0x08000894   0x08000894   0x000007a4   Code   RO           29    i.LCD_WriteChar     lcd.o
    0x08001038   0x08001038   0x00000170   Code   RO          171    i.TIM4_Init         inputcapture.o
    0x080011a8   0x080011a8   0x0000001c   Code   RO          172    i.itoa              inputcapture.o
    0x080011c4   0x080011c4   0x000000bc   Code   RO            3  * main                main.o
    0x08001280   0x08001280   0x00000048   Data   RO           32    .constdata          lcd.o


    Execution Region RW_IRAM1 (Exec base: 0x20000000, Load base: 0x080012c8, Size: 0x00000630, Max: 0x00018000, ABSOLUTE)

    Exec Addr    Load Addr    Size         Type   Attr      Idx    E Section Name        Object

    0x20000000   0x080012c8   0x00000006   Data   RW          173    .data               inputcapture.o
    0x20000006   0x080012ce   0x00000002   PAD
    0x20000008   0x080012d0   0x00000022   Data   RW            4    myData              main.o
    0x2000002a   0x080012f2   0x00000006   PAD
    0x20000030        -       0x00000200   Zero   RW           11    HEAP                startup_stm32l476xx.o
    0x20000230        -       0x00000400   Zero   RW           10    STACK               startup_stm32l476xx.o


==============================================================================

Image component sizes


      Code (inc. data)   RO Data    RW Data    ZI Data      Debug   Object Name

       396         38          0          6          0      31688   inputcapture.o
      3108        150         72          0          0     666596   lcd.o
       188         34          0         34          0        520   main.o
       132         42        392          0       1536        852   startup_stm32l476xx.o

    ----------------------------------------------------------------------
      3824        264        464         44       1540     699656   Object Totals
         0          0          0          0          0          0   (incl. Generated)
         0          0          0          4          4          0   (incl. Padding)

    ----------------------------------------------------------------------

      Code (inc. data)   RO Data    RW Data    ZI Data      Debug   Library Member Name

       104          0          0          0          0         84   __printf.o
        48          6          0          0          0         96   _printf_char_common.o
         6          0          0          0          0          0   _printf_d.o
       120         16          0          0          0         92   _printf_dec.o
       178          0          0          0          0         88   _printf_intcommon.o
         0          0          0          0          0          0   _printf_percent.o
         4          0          0          0          0          0   _printf_percent_end.o
        10          0          0          0          0         68   _sputc.o
         6          0          0          0          0        152   heapauxi.o
        40          6          0          0          0         84   noretval__2sprintf.o

    ----------------------------------------------------------------------
       520         28          0          0          0        664   Library Totals
         4          0          0          0          0          0   (incl. Padding)

    ----------------------------------------------------------------------

      Code (inc. data)   RO Data    RW Data    ZI Data      Debug   Library Name

       516         28          0          0          0        664   c_w.l

    ----------------------------------------------------------------------
       520         28          0          0          0        664   Library Totals

    ----------------------------------------------------------------------

==============================================================================


      Code (inc. data)   RO Data    RW Data    ZI Data      Debug   

      4344        292        464         44       1540     699208   Grand Totals
      4344        292        464         44       1540     699208   ELF Image Totals
      4344        292        464         44          0          0   ROM Totals

==============================================================================

    Total RO  Size (Code + RO Data)                 4808 (   4.70kB)
    Total RW  Size (RW Data + ZI Data)              1584 (   1.55kB)
    Total ROM Size (Code + RO Data + RW Data)       4852 (   4.74kB)

==============================================================================

